
*****************************************************************************
Board: not specified
Boats left: [0, 0, 0, 0]

[0;32m.[0m     [0;33mC[0m     [0;32m.[0m     [0;32m.[0m     [0;32m.[0m     [0;33ml[0m     [0;33mm[0m     [0;33mr[0m     [0;32m.[0m     [0;32m.[0m     [0;32m0[0m     [0;34m4[0m     [0;37m0[0m     

[0;32m.[0m     [0;32m.[0m     [0;32m.[0m     [0;32m.[0m     [0;32m.[0m     [0;32m.[0m     [0;32m.[0m     [0;32m.[0m     [0;32m.[0m     [0;32m.[0m     [0;32m0[0m     [0;34m0[0m     [0;37m0[0m     

[0;33mT[0m     [0;32m.[0m     [0;32m.[0m     [0;32m.[0m     [0;32m.[0m     [0;32m.[0m     [0;32m.[0m     [0;32m.[0m     [0;32m.[0m     [0;32m.[0m     [0;32m0[0m     [0;34m1[0m     [0;37m0[0m     

[0;33mb[0m     [0;32m.[0m     [0;32m.[0m     [0;32m.[0m     [0;33mL[0m     [0;33mm[0m     [0;33mM[0m     [0;33mr[0m     [0;32m.[0m     [0;32m.[0m     [0;32m0[0m     [0;34m5[0m     [0;37m0[0m     

[0;32m.[0m     [0;32m.[0m     [0;32m.[0m     [0;32m.[0m     [0;32m.[0m     [0;32m.[0m     [0;32m.[0m     [0;32m.[0m     [0;32m.[0m     [0;32m.[0m     [0;32m0[0m     [0;34m0[0m     [0;37m0[0m     

[0;32m.[0m     [0;32m.[0m     [0;32m.[0m     [0;32m.[0m     [0;33mc[0m     [0;32m.[0m     [0;32m.[0m     [0;32m.[0m     [0;32m.[0m     [0;32m.[0m     [0;32m0[0m     [0;34m1[0m     [0;37m0[0m     

[0;32m.[0m     [0;33mt[0m     [0;32m.[0m     [0;32m.[0m     [0;32m.[0m     [0;32m.[0m     [0;32m.[0m     [0;33ml[0m     [0;33mr[0m     [0;32m.[0m     [0;32m0[0m     [0;34m3[0m     [0;37m0[0m     

[0;32m.[0m     [0;33mm[0m     [0;32m.[0m     [0;32m.[0m     [0;32m.[0m     [0;32m.[0m     [0;32m.[0m     [0;32m.[0m     [0;32m.[0m     [0;32m.[0m     [0;32m0[0m     [0;34m1[0m     [0;37m0[0m     

[0;32m.[0m     [0;33mb[0m     [0;32m.[0m     [0;32mW[0m     [0;33mc[0m     [0;32m.[0m     [0;33mc[0m     [0;32m.[0m     [0;33mt[0m     [0;32m.[0m     [0;32m0[0m     [0;34m4[0m     [0;37m0[0m     

[0;32m.[0m     [0;32m.[0m     [0;32m.[0m     [0;32m.[0m     [0;32m.[0m     [0;32m.[0m     [0;32m.[0m     [0;32m.[0m     [0;33mb[0m     [0;32m.[0m     [0;32m0[0m     [0;34m1[0m     [0;37m0[0m     

[0;32m0[0m     [0;32m0[0m     [0;32m0[0m     [0;32m0[0m     [0;32m0[0m     [0;32m0[0m     [0;32m0[0m     [0;32m0[0m     [0;32m0[0m     [0;32m0[0m     

[0;34m2[0m     [0;34m4[0m     [0;34m0[0m     [0;34m0[0m     [0;34m3[0m     [0;34m2[0m     [0;34m3[0m     [0;34m3[0m     [0;34m3[0m     [0;34m0[0m     

[0;37m0[0m     [0;37m0[0m     [0;37m0[0m     [0;37m0[0m     [0;37m0[0m     [0;37m0[0m     [0;37m0[0m     [0;37m0[0m     [0;37m0[0m     [0;37m0[0m     

---------------------------------------------------------------------------


########################################################################################


*****************************************************************************
Board: Solution
Boats left: [0, 0, 0, 0]

[0;32m.[0m     [0;33mC[0m     [0;32m.[0m     [0;32m.[0m     [0;32m.[0m     [0;33ml[0m     [0;33mm[0m     [0;33mr[0m     [0;32m.[0m     [0;32m.[0m     [0;32m0[0m     [0;34m4[0m     [0;37m0[0m     

[0;32m.[0m     [0;32m.[0m     [0;32m.[0m     [0;32m.[0m     [0;32m.[0m     [0;32m.[0m     [0;32m.[0m     [0;32m.[0m     [0;32m.[0m     [0;32m.[0m     [0;32m0[0m     [0;34m0[0m     [0;37m0[0m     

[0;33mT[0m     [0;32m.[0m     [0;32m.[0m     [0;32m.[0m     [0;32m.[0m     [0;32m.[0m     [0;32m.[0m     [0;32m.[0m     [0;32m.[0m     [0;32m.[0m     [0;32m0[0m     [0;34m1[0m     [0;37m0[0m     

[0;33mb[0m     [0;32m.[0m     [0;32m.[0m     [0;32m.[0m     [0;33mL[0m     [0;33mm[0m     [0;33mM[0m     [0;33mr[0m     [0;32m.[0m     [0;32m.[0m     [0;32m0[0m     [0;34m5[0m     [0;37m0[0m     

[0;32m.[0m     [0;32m.[0m     [0;32m.[0m     [0;32m.[0m     [0;32m.[0m     [0;32m.[0m     [0;32m.[0m     [0;32m.[0m     [0;32m.[0m     [0;32m.[0m     [0;32m0[0m     [0;34m0[0m     [0;37m0[0m     

[0;32m.[0m     [0;32m.[0m     [0;32m.[0m     [0;32m.[0m     [0;33mc[0m     [0;32m.[0m     [0;32m.[0m     [0;32m.[0m     [0;32m.[0m     [0;32m.[0m     [0;32m0[0m     [0;34m1[0m     [0;37m0[0m     

[0;32m.[0m     [0;33mt[0m     [0;32m.[0m     [0;32m.[0m     [0;32m.[0m     [0;32m.[0m     [0;32m.[0m     [0;33ml[0m     [0;33mr[0m     [0;32m.[0m     [0;32m0[0m     [0;34m3[0m     [0;37m0[0m     

[0;32m.[0m     [0;33mm[0m     [0;32m.[0m     [0;32m.[0m     [0;32m.[0m     [0;32m.[0m     [0;32m.[0m     [0;32m.[0m     [0;32m.[0m     [0;32m.[0m     [0;32m0[0m     [0;34m1[0m     [0;37m0[0m     

[0;32m.[0m     [0;33mb[0m     [0;32m.[0m     [0;32mW[0m     [0;33mc[0m     [0;32m.[0m     [0;33mc[0m     [0;32m.[0m     [0;33mt[0m     [0;32m.[0m     [0;32m0[0m     [0;34m4[0m     [0;37m0[0m     

[0;32m.[0m     [0;32m.[0m     [0;32m.[0m     [0;32m.[0m     [0;32m.[0m     [0;32m.[0m     [0;32m.[0m     [0;32m.[0m     [0;33mb[0m     [0;32m.[0m     [0;32m0[0m     [0;34m1[0m     [0;37m0[0m     

[0;32m0[0m     [0;32m0[0m     [0;32m0[0m     [0;32m0[0m     [0;32m0[0m     [0;32m0[0m     [0;32m0[0m     [0;32m0[0m     [0;32m0[0m     [0;32m0[0m     

[0;34m2[0m     [0;34m4[0m     [0;34m0[0m     [0;34m0[0m     [0;34m3[0m     [0;34m2[0m     [0;34m3[0m     [0;34m3[0m     [0;34m3[0m     [0;34m0[0m     

[0;37m0[0m     [0;37m0[0m     [0;37m0[0m     [0;37m0[0m     [0;37m0[0m     [0;37m0[0m     [0;37m0[0m     [0;37m0[0m     [0;37m0[0m     [0;37m0[0m     

---------------------------------------------------------------------------

Is goal? True
